4.651325839572716392e-01
3.396339457525202055e-01
3.997651912293103682e-01
3.708382896103255000e-01
4.174268606233626500e-01
3.220894277330161870e-01
3.890353593980902525e-01
3.758186465368589246e-01
4.408351279204895112e-01
3.575220755073508228e-01
2.568462270479646703e-01
3.077287138627006757e-01
4.045190384332423283e-01
4.462808930863437773e-01
4.521176951073328509e-01
