7.503277728974999672e-01
1.058562924254108140e+00
1.099189506468457145e+00
1.499761289308299217e+00
6.398059941176160725e-01
6.942560166814991662e-01
